###############################################################################
#
# IAR ELF Linker V8.22.1.15669/W32 for ARM                23/Nov/2018  20:58:02
# Copyright 2007-2018 IAR Systems AB.
#
#    Output file  =  
#        C:\Users\wangyunxuan\Desktop\Robocon\program\handle\handle\EWARM\handle\Exe\handle.out
#    Map file     =  
#        C:\Users\wangyunxuan\Desktop\Robocon\program\handle\handle\EWARM\handle\List\handle.map
#    Command line =  
#        -f C:\Users\WANGYU~1\AppData\Local\Temp\EW1AE4.tmp
#        (C:\Users\wangyunxuan\Desktop\Robocon\program\handle\handle\EWARM\handle\Obj\can.o
#        C:\Users\wangyunxuan\Desktop\Robocon\program\handle\handle\EWARM\handle\Obj\gpio.o
#        C:\Users\wangyunxuan\Desktop\Robocon\program\handle\handle\EWARM\handle\Obj\main.o
#        C:\Users\wangyunxuan\Desktop\Robocon\program\handle\handle\EWARM\handle\Obj\startup_stm32f407xx.o
#        C:\Users\wangyunxuan\Desktop\Robocon\program\handle\handle\EWARM\handle\Obj\stm32f4xx_hal.o
#        C:\Users\wangyunxuan\Desktop\Robocon\program\handle\handle\EWARM\handle\Obj\stm32f4xx_hal_can.o
#        C:\Users\wangyunxuan\Desktop\Robocon\program\handle\handle\EWARM\handle\Obj\stm32f4xx_hal_cortex.o
#        C:\Users\wangyunxuan\Desktop\Robocon\program\handle\handle\EWARM\handle\Obj\stm32f4xx_hal_dma.o
#        C:\Users\wangyunxuan\Desktop\Robocon\program\handle\handle\EWARM\handle\Obj\stm32f4xx_hal_dma_ex.o
#        C:\Users\wangyunxuan\Desktop\Robocon\program\handle\handle\EWARM\handle\Obj\stm32f4xx_hal_flash.o
#        C:\Users\wangyunxuan\Desktop\Robocon\program\handle\handle\EWARM\handle\Obj\stm32f4xx_hal_flash_ex.o
#        C:\Users\wangyunxuan\Desktop\Robocon\program\handle\handle\EWARM\handle\Obj\stm32f4xx_hal_flash_ramfunc.o
#        C:\Users\wangyunxuan\Desktop\Robocon\program\handle\handle\EWARM\handle\Obj\stm32f4xx_hal_gpio.o
#        C:\Users\wangyunxuan\Desktop\Robocon\program\handle\handle\EWARM\handle\Obj\stm32f4xx_hal_msp.o
#        C:\Users\wangyunxuan\Desktop\Robocon\program\handle\handle\EWARM\handle\Obj\stm32f4xx_hal_pwr.o
#        C:\Users\wangyunxuan\Desktop\Robocon\program\handle\handle\EWARM\handle\Obj\stm32f4xx_hal_pwr_ex.o
#        C:\Users\wangyunxuan\Desktop\Robocon\program\handle\handle\EWARM\handle\Obj\stm32f4xx_hal_rcc.o
#        C:\Users\wangyunxuan\Desktop\Robocon\program\handle\handle\EWARM\handle\Obj\stm32f4xx_hal_rcc_ex.o
#        C:\Users\wangyunxuan\Desktop\Robocon\program\handle\handle\EWARM\handle\Obj\stm32f4xx_hal_tim.o
#        C:\Users\wangyunxuan\Desktop\Robocon\program\handle\handle\EWARM\handle\Obj\stm32f4xx_hal_tim_ex.o
#        C:\Users\wangyunxuan\Desktop\Robocon\program\handle\handle\EWARM\handle\Obj\stm32f4xx_hal_uart.o
#        C:\Users\wangyunxuan\Desktop\Robocon\program\handle\handle\EWARM\handle\Obj\stm32f4xx_it.o
#        C:\Users\wangyunxuan\Desktop\Robocon\program\handle\handle\EWARM\handle\Obj\system_stm32f4xx.o
#        C:\Users\wangyunxuan\Desktop\Robocon\program\handle\handle\EWARM\handle\Obj\usart.o
#        --redirect _Printf=_PrintfFull --redirect _Scanf=_ScanfFull -o
#        C:\Users\wangyunxuan\Desktop\Robocon\program\handle\handle\EWARM\handle\Exe\handle.out
#        --map
#        C:\Users\wangyunxuan\Desktop\Robocon\program\handle\handle\EWARM\handle\List\handle.map
#        --config
#        C:\Users\wangyunxuan\Desktop\Robocon\program\handle\handle\EWARM/stm32f407xx_flash.icf
#        --semihosting --entry __iar_program_start --vfe --text_out locale)
#
###############################################################################

*******************************************************************************
*** RUNTIME MODEL ATTRIBUTES
***

CppFlavor       = *
__SystemLibrary = DLib
__dlib_version  = 6


*******************************************************************************
*** HEAP SELECTION
***

The basic heap was selected because no calls to memory allocation
functions were found in the application outside of system library
functions, and there are calls to deallocation functions in the
application.


*******************************************************************************
*** PLACEMENT SUMMARY
***

"A0":  place at 0x08000000 { ro section .intvec };
"P1":  place in [from 0x08000000 to 0x080fffff] { ro };
define block CSTACK with size = 1K, alignment = 8 { };
define block HEAP with size = 512, alignment = 8 { };
"P2":  place in [from 0x20000000 to 0x2001ffff] {
          rw, block CSTACK, block HEAP };
initialize by copy { rw };

  Section            Kind        Address    Size  Object
  -------            ----        -------    ----  ------
"A0":                                      0x188
  .intvec            ro code  0x08000000   0x188  startup_stm32f407xx.o [1]
                            - 0x08000188   0x188

"P1":                                     0x3b89
  .text              ro code  0x08000188   0xf96  xprintffull.o [3]
  .text              ro code  0x0800111e    0x1e  xencoding_8859_1.o [3]
  .text              ro code  0x0800113c    0x74  xlocale_c.o [3]
  .text              ro code  0x080011b0    0x16  strchr.o [5]
  .text              ro code  0x080011c6    0x1a  xsnprout.o [3]
  .text              ro code  0x080011e0    0x40  xfail_s.o [3]
  .text              ro code  0x08001220    0x36  strlen.o [5]
  .text              ro code  0x08001258    0x58  memchr.o [5]
  .text              ro code  0x080012b0     0xa  xmbcurmax.o [3]
  .text              ro code  0x080012bc    0xa6  ABImemcpy.o [5]
  .text              ro code  0x08001364   0x22e  I64DivMod.o [5]
  .text              ro code  0x08001594   0x1a2  DblMul.o [4]
  .text              ro code  0x08001738    0x70  frexp.o [4]
  .text              ro code  0x080017a8    0x2e  DblCmpLe.o [4]
  .text              ro code  0x080017d8    0x2e  DblCmpGe.o [4]
  .text              ro code  0x08001808   0x13a  ldexp.o [4]
  .text              ro code  0x08001944    0x3a  DblToS32.o [4]
  .text              ro code  0x08001980    0x22  S32ToDbl.o [4]
  .text              ro code  0x080019a4    0xe2  DblSub.o [4]
  .text              ro code  0x08001a88   0x246  DblDiv.o [4]
  .text              ro code  0x08001cd0    0x28  DblToU32.o [4]
  .text              ro code  0x08001cf8    0x1a  U32ToDbl.o [4]
  .text              ro code  0x08001d12     0x6  abort.o [3]
  .text              ro code  0x08001d18     0x2  I64DivZer.o [5]
  .text              ro code  0x08001d1c   0x168  DblAdd.o [4]
  .text              ro code  0x08001e84    0x14  exit.o [6]
  .text              ro code  0x08001e98   0x7c8  stm32f4xx_hal_can.o [1]
  .text              ro code  0x08002660   0x270  can.o [1]
  .text              ro code  0x080028d0     0xc  stm32f4xx_hal.o [1]
  .text              ro code  0x080028dc     0x2  stm32f4xx_hal_can.o [1]
  .text              ro code  0x080028e0   0x12c  main.o [1]
  .text              ro code  0x08002a0c   0x1f4  stm32f4xx_hal_gpio.o [1]
  .text              ro code  0x08002c00    0xea  stm32f4xx_hal_cortex.o [1]
  .text              ro code  0x08002cec   0x104  usart.o [1]
  .text              ro code  0x08002df0    0x24  ABIassert.o [6]
  .text              ro code  0x08002e14    0x34  stm32f4xx_hal.o [1]
  .text              ro code  0x08002e48   0x298  gpio.o [1]
  .text              ro code  0x080030e0   0x2d0  stm32f4xx_hal_rcc.o [1]
  .text              ro code  0x080033b0   0x1a4  stm32f4xx_hal_rcc.o [1]
  .text              ro code  0x08003554   0x30e  stm32f4xx_hal_uart.o [1]
  .text              ro code  0x08003864    0x3c  vsnprint.o [3]
  .text              ro code  0x080038a0    0x28  stm32f4xx_hal.o [1]
  .text              ro code  0x080038c8    0x94  stm32f4xx_hal_msp.o [1]
  .text              ro code  0x0800395c    0x8c  stm32f4xx_it.o [1]
  .text              ro code  0x080039e8    0x10  stm32f4xx_hal.o [1]
  .text              ro code  0x080039f8    0x60  system_stm32f4xx.o [1]
  .text              ro code  0x08003a58    0x40  zero_init3.o [5]
  .text              ro code  0x08003a98    0x38  packbits_init_single.o [5]
  .text              ro code  0x08003ad0    0x28  data_init.o [5]
  .text              ro code  0x08003af8    0x22  fpinit_M.o [4]
  .iar.init_table    const    0x08003b1c    0x20  - Linker created -
  .text              ro code  0x08003b3c    0x1e  cmain.o [5]
  .text              ro code  0x08003b5a     0x4  low_level_init.o [3]
  .text              ro code  0x08003b5e     0x4  exit.o [3]
  .text              ro code  0x08003b64     0xa  cexit.o [5]
  .text              ro code  0x08003b70    0x10  startup_stm32f407xx.o [1]
  .text              ro code  0x08003b80     0xc  cstartup_M.o [5]
  .rodata            const    0x08003b8c     0x8  system_stm32f4xx.o [1]
  .rodata            const    0x08003b94     0x6  xlocale_c.o [3]
  .text              ro code  0x08003b9a     0x4  startup_stm32f407xx.o [1]
  .text              ro code  0x08003b9e     0x4  startup_stm32f407xx.o [1]
  .text              ro code  0x08003ba2     0x4  startup_stm32f407xx.o [1]
  .text              ro code  0x08003ba6     0x4  startup_stm32f407xx.o [1]
  .text              ro code  0x08003baa     0x4  startup_stm32f407xx.o [1]
  .text              ro code  0x08003bae     0x4  startup_stm32f407xx.o [1]
  .text              ro code  0x08003bb2     0x4  startup_stm32f407xx.o [1]
  .text              ro code  0x08003bb6     0x4  startup_stm32f407xx.o [1]
  .text              ro code  0x08003bba     0x4  startup_stm32f407xx.o [1]
  .text              ro code  0x08003bbe     0x4  startup_stm32f407xx.o [1]
  .text              ro code  0x08003bc2     0x4  startup_stm32f407xx.o [1]
  .text              ro code  0x08003bc6     0x4  startup_stm32f407xx.o [1]
  .text              ro code  0x08003bca     0x4  startup_stm32f407xx.o [1]
  .text              ro code  0x08003bce     0x4  startup_stm32f407xx.o [1]
  .text              ro code  0x08003bd2     0x4  startup_stm32f407xx.o [1]
  .text              ro code  0x08003bd6     0x4  startup_stm32f407xx.o [1]
  .text              ro code  0x08003bda     0x4  startup_stm32f407xx.o [1]
  .text              ro code  0x08003bde     0x4  startup_stm32f407xx.o [1]
  .text              ro code  0x08003be2     0x4  startup_stm32f407xx.o [1]
  .text              ro code  0x08003be6     0x4  startup_stm32f407xx.o [1]
  .text              ro code  0x08003bea     0x4  startup_stm32f407xx.o [1]
  .text              ro code  0x08003bee     0x4  startup_stm32f407xx.o [1]
  .text              ro code  0x08003bf2     0x4  startup_stm32f407xx.o [1]
  .text              ro code  0x08003bf6     0x4  startup_stm32f407xx.o [1]
  .text              ro code  0x08003bfa     0x4  startup_stm32f407xx.o [1]
  .text              ro code  0x08003bfe     0x4  startup_stm32f407xx.o [1]
  .text              ro code  0x08003c02     0x4  startup_stm32f407xx.o [1]
  .text              ro code  0x08003c06     0x4  startup_stm32f407xx.o [1]
  .text              ro code  0x08003c0a     0x4  startup_stm32f407xx.o [1]
  .text              ro code  0x08003c0e     0x4  startup_stm32f407xx.o [1]
  .text              ro code  0x08003c12     0x4  startup_stm32f407xx.o [1]
  .text              ro code  0x08003c16     0x4  startup_stm32f407xx.o [1]
  .text              ro code  0x08003c1a     0x4  startup_stm32f407xx.o [1]
  .text              ro code  0x08003c1e     0x4  startup_stm32f407xx.o [1]
  .text              ro code  0x08003c22     0x4  startup_stm32f407xx.o [1]
  .text              ro code  0x08003c26     0x4  startup_stm32f407xx.o [1]
  .text              ro code  0x08003c2a     0x4  startup_stm32f407xx.o [1]
  .text              ro code  0x08003c2e     0x4  startup_stm32f407xx.o [1]
  .text              ro code  0x08003c32     0x4  startup_stm32f407xx.o [1]
  .text              ro code  0x08003c36     0x4  startup_stm32f407xx.o [1]
  .text              ro code  0x08003c3a     0x4  startup_stm32f407xx.o [1]
  .text              ro code  0x08003c3e     0x4  startup_stm32f407xx.o [1]
  .text              ro code  0x08003c42     0x4  startup_stm32f407xx.o [1]
  .text              ro code  0x08003c46     0x4  startup_stm32f407xx.o [1]
  .text              ro code  0x08003c4a     0x4  startup_stm32f407xx.o [1]
  .text              ro code  0x08003c4e     0x4  startup_stm32f407xx.o [1]
  .text              ro code  0x08003c52     0x4  startup_stm32f407xx.o [1]
  .text              ro code  0x08003c56     0x4  startup_stm32f407xx.o [1]
  .text              ro code  0x08003c5a     0x4  startup_stm32f407xx.o [1]
  .text              ro code  0x08003c5e     0x4  startup_stm32f407xx.o [1]
  .text              ro code  0x08003c62     0x4  startup_stm32f407xx.o [1]
  .text              ro code  0x08003c66     0x4  startup_stm32f407xx.o [1]
  .text              ro code  0x08003c6a     0x4  startup_stm32f407xx.o [1]
  .text              ro code  0x08003c6e     0x4  startup_stm32f407xx.o [1]
  .text              ro code  0x08003c72     0x4  startup_stm32f407xx.o [1]
  .text              ro code  0x08003c76     0x4  startup_stm32f407xx.o [1]
  .text              ro code  0x08003c7a     0x4  startup_stm32f407xx.o [1]
  .text              ro code  0x08003c7e     0x4  startup_stm32f407xx.o [1]
  .text              ro code  0x08003c82     0x4  startup_stm32f407xx.o [1]
  .text              ro code  0x08003c86     0x4  startup_stm32f407xx.o [1]
  .text              ro code  0x08003c8a     0x4  startup_stm32f407xx.o [1]
  .text              ro code  0x08003c8e     0x4  startup_stm32f407xx.o [1]
  .text              ro code  0x08003c92     0x4  startup_stm32f407xx.o [1]
  .text              ro code  0x08003c96     0x4  startup_stm32f407xx.o [1]
  .text              ro code  0x08003c9a     0x4  startup_stm32f407xx.o [1]
  .text              ro code  0x08003c9e     0x4  startup_stm32f407xx.o [1]
  .text              ro code  0x08003ca2     0x4  startup_stm32f407xx.o [1]
  .text              ro code  0x08003ca6     0x4  startup_stm32f407xx.o [1]
  .text              ro code  0x08003caa     0x4  startup_stm32f407xx.o [1]
  .text              ro code  0x08003cae     0x4  startup_stm32f407xx.o [1]
  .text              ro code  0x08003cb2     0x4  startup_stm32f407xx.o [1]
  .rodata            const    0x08003cb6     0x0  zero_init3.o [5]
  .rodata            const    0x08003cb6     0x0  packbits_init_single.o [5]
  Initializer bytes  const    0x08003cb6    0x5b  <for P2-1>
                            - 0x08003d11  0x3b89

"P2", part 1 of 3:                         0x148
  P2-1                        0x20000000   0x148  <Init block>
    .data            inited   0x20000000     0x4  system_stm32f4xx.o [1]
    .data            inited   0x20000004    0xc4  usart.o [1]
    .data            inited   0x200000c8    0x38  xlocale_c.o [3]
    .data            inited   0x20000100    0x48  xlocale_c.o [3]
                            - 0x20000148   0x148

"P2", part 2 of 3:                         0x260
  .bss               zero     0x20000148   0x190  can.o [1]
  .bss               zero     0x200002d8    0xac  can.o [1]
  .bss               zero     0x20000384    0x18  gpio.o [1]
  .bss               zero     0x2000039c     0x4  can.o [1]
  .bss               zero     0x200003a0     0x4  stm32f4xx_hal.o [1]
  .bss               zero     0x200003a4     0x4  xfail_s.o [3]
                            - 0x200003a8   0x260

"P2", part 3 of 3:                         0x400
  CSTACK                      0x200003a8   0x400  <Block>
    CSTACK           uninit   0x200003a8   0x400  <Block tail>
                            - 0x200007a8   0x400


*******************************************************************************
*** INIT TABLE
***

          Address     Size
          -------     ----
Zero (__iar_zero_init3)
    1 destination range, total size 0x260:
          0x20000148  0x260

Copy/packbits (__iar_packbits_init_single3)
    1 source range, total size 0x5b (27% of destination):
          0x08003cb6   0x5b
    1 destination range, total size 0x148:
          0x20000000  0x148



*******************************************************************************
*** MODULE SUMMARY
***

    Module                  ro code  ro data  rw data
    ------                  -------  -------  -------
C:\Users\wangyunxuan\Desktop\Robocon\program\handle\handle\EWARM\handle\Obj: [1]
    can.o                       624               576
    gpio.o                      664                24
    main.o                      300
    startup_stm32f407xx.o       692
    stm32f4xx_hal.o             120                 4
    stm32f4xx_hal_can.o       1 994
    stm32f4xx_hal_cortex.o      234
    stm32f4xx_hal_gpio.o        500
    stm32f4xx_hal_msp.o         148
    stm32f4xx_hal_rcc.o       1 140
    stm32f4xx_hal_uart.o        782
    stm32f4xx_it.o              140
    system_stm32f4xx.o           96        9        4
    usart.o                     260       54      196
    -------------------------------------------------
    Total:                    7 694       63      804

command line: [2]
    -------------------------------------------------
    Total:

dl7M_tlf.a: [3]
    abort.o                       6
    exit.o                        4
    low_level_init.o              4
    vsnprint.o                   60
    xencoding_8859_1.o           30
    xfail_s.o                    64                 4
    xlocale_c.o                 116       42      128
    xmbcurmax.o                  10
    xprintffull.o             3 990
    xsnprout.o                   26
    -------------------------------------------------
    Total:                    4 310       42      132

m7M_tls.a: [4]
    DblAdd.o                    360
    DblCmpGe.o                   46
    DblCmpLe.o                   46
    DblDiv.o                    582
    DblMul.o                    418
    DblSub.o                    226
    DblToS32.o                   58
    DblToU32.o                   40
    S32ToDbl.o                   34
    U32ToDbl.o                   26
    fpinit_M.o                   34
    frexp.o                     112
    ldexp.o                     314
    -------------------------------------------------
    Total:                    2 296

rt7M_tl.a: [5]
    ABImemcpy.o                 166
    I64DivMod.o                 558
    I64DivZer.o                   2
    cexit.o                      10
    cmain.o                      30
    cstartup_M.o                 12
    data_init.o                  40
    memchr.o                     88
    packbits_init_single.o       56
    strchr.o                     22
    strlen.o                     54
    zero_init3.o                 64
    -------------------------------------------------
    Total:                    1 102

shb_l.a: [6]
    ABIassert.o                  36
    exit.o                       20
    -------------------------------------------------
    Total:                       56

    Gaps                         36        2
    Linker created                        32    1 024
-----------------------------------------------------
    Grand Total:             15 494      139    1 960


*******************************************************************************
*** ENTRY LIST
***

Entry                      Address   Size  Type      Object
-----                      -------   ----  ----      ------
.iar.init_table$$Base   0x08003b1c          --   Gb  - Linker created -
.iar.init_table$$Limit  0x08003b3c          --   Gb  - Linker created -
?main                   0x08003b3d         Code  Gb  cmain.o [5]
AHBPrescTable           0x08003a48   0x10  Data  Gb  system_stm32f4xx.o [1]
APBPrescTable           0x08003b8c    0x8  Data  Gb  system_stm32f4xx.o [1]
BusFault_Handler        0x08003963    0x2  Code  Gb  stm32f4xx_it.o [1]
CAN1_RX0_IRQHandler     0x08003999    0x2  Code  Gb  stm32f4xx_it.o [1]
CAN1_RX1_IRQHandler     0x0800399b    0x2  Code  Gb  stm32f4xx_it.o [1]
CAN1_SCE_IRQHandler     0x080039a9    0x2  Code  Gb  stm32f4xx_it.o [1]
CAN_LIST_MATCH          0x080027f5   0x2c  Code  Gb  can.o [1]
CAN_Receive_IT          0x0800252d  0x12a  Code  Lc  stm32f4xx_hal_can.o [1]
CSTACK$$Base            0x200003a8          --   Gb  - Linker created -
CSTACK$$Limit           0x200007a8          --   Gb  - Linker created -
CacheMore               0x08001141   0x24  Code  Lc  xlocale_c.o [3]
Configure_Filter        0x0800274b   0x28  Code  Gb  can.o [1]
DebugMon_Handler        0x08003969    0x2  Code  Gb  stm32f4xx_it.o [1]
EXTI0_IRQHandler        0x0800397b    0x6  Code  Gb  stm32f4xx_it.o [1]
EXTI15_10_IRQHandler    0x080039d3   0x16  Code  Gb  stm32f4xx_it.o [1]
EXTI1_IRQHandler        0x08003981    0x6  Code  Gb  stm32f4xx_it.o [1]
EXTI2_IRQHandler        0x08003987    0x6  Code  Gb  stm32f4xx_it.o [1]
EXTI3_IRQHandler        0x0800398d    0x6  Code  Gb  stm32f4xx_it.o [1]
EXTI4_IRQHandler        0x08003993    0x6  Code  Gb  stm32f4xx_it.o [1]
EXTI9_5_IRQHandler      0x080039ab   0x28  Code  Gb  stm32f4xx_it.o [1]
HAL_CAN_ConfigFilter    0x08001fd1   0xbe  Code  Gb  stm32f4xx_hal_can.o [1]
HAL_CAN_ErrorCallback   0x0800282f    0xc  Code  Gb  can.o [1]
HAL_CAN_IRQHandler      0x0800231d  0x1f2  Code  Gb  stm32f4xx_hal_can.o [1]
HAL_CAN_Init            0x08001e99  0x138  Code  Gb  stm32f4xx_hal_can.o [1]
HAL_CAN_MspInit         0x080026a9   0x78  Code  Gb  can.o [1]
HAL_CAN_Receive_IT      0x0800224f   0xb2  Code  Gb  stm32f4xx_hal_can.o [1]
HAL_CAN_RxCpltCallback  0x08002821    0xe  Code  Gb  can.o [1]
HAL_CAN_Transmit        0x0800209d  0x1a6  Code  Gb  stm32f4xx_hal_can.o [1]
HAL_GPIO_EXTI_Callback  0x08002f31  0x118  Code  Gb  gpio.o [1]
HAL_GPIO_EXTI_IRQHandler
                        0x08002bbf   0x10  Code  Gb  stm32f4xx_hal_gpio.o [1]
HAL_GPIO_Init           0x08002a0d  0x1b2  Code  Gb  stm32f4xx_hal_gpio.o [1]
HAL_GetTick             0x080028d1    0xc  Code  Wk  stm32f4xx_hal.o [1]
HAL_IncTick             0x080039e9   0x10  Code  Wk  stm32f4xx_hal.o [1]
HAL_Init                0x08002e15   0x30  Code  Gb  stm32f4xx_hal.o [1]
HAL_InitTick            0x080038a1   0x28  Code  Wk  stm32f4xx_hal.o [1]
HAL_MspInit             0x080038c9   0x94  Code  Gb  stm32f4xx_hal_msp.o [1]
HAL_NVIC_EnableIRQ      0x08002c73   0x16  Code  Gb  stm32f4xx_hal_cortex.o [1]
HAL_NVIC_SetPriority    0x08002c39   0x3a  Code  Gb  stm32f4xx_hal_cortex.o [1]
HAL_NVIC_SetPriorityGrouping
                        0x08002c1f   0x1a  Code  Gb  stm32f4xx_hal_cortex.o [1]
HAL_RCC_ClockConfig     0x080033b1   0xfe  Code  Gb  stm32f4xx_hal_rcc.o [1]
HAL_RCC_GetHCLKFreq     0x080034bb    0x6  Code  Gb  stm32f4xx_hal_rcc.o [1]
HAL_RCC_GetPCLK1Freq    0x080034c1   0x10  Code  Gb  stm32f4xx_hal_rcc.o [1]
HAL_RCC_GetPCLK2Freq    0x080034d1    0xe  Code  Gb  stm32f4xx_hal_rcc.o [1]
HAL_RCC_OscConfig       0x080030e1  0x2d0  Code  Wk  stm32f4xx_hal_rcc.o [1]
HAL_SYSTICK_CLKSourceConfig
                        0x08002cb1   0x1a  Code  Gb  stm32f4xx_hal_cortex.o [1]
HAL_SYSTICK_Config      0x08002c89   0x28  Code  Gb  stm32f4xx_hal_cortex.o [1]
HAL_SYSTICK_IRQHandler  0x08002ce5    0x4  Code  Gb  stm32f4xx_hal_cortex.o [1]
HAL_UART_Init           0x08003555   0x1e  Code  Gb  stm32f4xx_hal_uart.o [1]
HAL_UART_MspInit        0x08002d25   0x48  Code  Gb  usart.o [1]
HAL_UART_Transmit       0x080035cd   0xaa  Code  Gb  stm32f4xx_hal_uart.o [1]
HardFault_Handler       0x0800395f    0x2  Code  Gb  stm32f4xx_it.o [1]
LoadInt                 0x08000377   0x7a  Code  Lc  xprintffull.o [3]
MX_CAN1_Init            0x08002661   0x48  Code  Gb  can.o [1]
MX_GPIO_Init            0x08002e49   0xe8  Code  Gb  gpio.o [1]
MX_USART1_UART_Init     0x08002ced   0x38  Code  Gb  usart.o [1]
MemManage_Handler       0x08003961    0x2  Code  Gb  stm32f4xx_it.o [1]
NMI_Handler             0x0800395d    0x2  Code  Gb  stm32f4xx_it.o [1]
PendSV_Handler          0x0800396b    0x2  Code  Gb  stm32f4xx_it.o [1]
Region$$Table$$Base     0x08003b1c          --   Gb  - Linker created -
Region$$Table$$Limit    0x08003b3c          --   Gb  - Linker created -
RxMessage               0x20000360   0x24  Data  Lc  can.o [1]
SVC_Handler             0x08003967    0x2  Code  Gb  stm32f4xx_it.o [1]
SysTick_Handler         0x0800396d    0xe  Code  Gb  stm32f4xx_it.o [1]
SystemClock_Config      0x0800291d   0xaa  Code  Gb  main.o [1]
SystemCoreClock         0x20000000    0x4  Data  Gb  system_stm32f4xx.o [1]
SystemInit              0x080039f9   0x3a  Code  Gb  system_stm32f4xx.o [1]
TEST_FUNC               0x080029d1   0x1c  Code  Gb  main.o [1]
TxMessage               0x20000344   0x1c  Data  Lc  can.o [1]
UART_SetConfig          0x080036e3  0x13a  Code  Lc  stm32f4xx_hal_uart.o [1]
UART_WaitOnFlagUntilTimeout
                        0x0800367f   0x56  Code  Lc  stm32f4xx_hal_uart.o [1]
UsageFault_Handler      0x08003965    0x2  Code  Gb  stm32f4xx_it.o [1]
_Encoding_8859_1_Mbrlen
                        0x08001131    0x2  Code  Gb  xencoding_8859_1.o [3]
_Encoding_8859_1_Wctomb
                        0x0800111f   0x12  Code  Gb  xencoding_8859_1.o [3]
_Error_Handler          0x080029ed    0x2  Code  Gb  main.o [1]
_GenldFull              0x08000df9  0x274  Code  Lc  xprintffull.o [3]
_LdtobFull              0x080009cd  0x3fe  Code  Lc  xprintffull.o [3]
_LitobFull              0x08000875  0x112  Code  Lc  xprintffull.o [3]
_Locale_lconv           0x200000c8   0x38  Data  Lc  xlocale_c.o [3]
_PrintfFull             0x08000189  0x1d6  Code  Gb  xprintffull.o [3]
_PutcharsFull           0x0800106d   0x2e  Code  Lc  xprintffull.o [3]
_PutfldFull             0x080003f1  0x2d0  Code  Lc  xprintffull.o [3]
_PutstrFull             0x080007b7   0xbe  Code  Lc  xprintffull.o [3]
_PuttxtFull             0x080006c1   0xf6  Code  Lc  xprintffull.o [3]
_SNProut                0x080011c7   0x1a  Code  Gb  xsnprout.o [3]
__NVIC_SetPriority      0x08002c01   0x1e  Code  Lc  stm32f4xx_hal_cortex.o [1]
__aeabi_assert          0x08002df1   0x24  Code  Gb  ABIassert.o [6]
__aeabi_cdcmple         0x080017a9         Code  Gb  DblCmpLe.o [4]
__aeabi_cdrcmple        0x080017d9         Code  Gb  DblCmpGe.o [4]
__aeabi_d2iz            0x08001945         Code  Gb  DblToS32.o [4]
__aeabi_d2uiz           0x08001cd1         Code  Gb  DblToU32.o [4]
__aeabi_ddiv            0x08001a89         Code  Gb  DblDiv.o [4]
__aeabi_dmul            0x08001595         Code  Gb  DblMul.o [4]
__aeabi_dsub            0x080019a5         Code  Gb  DblSub.o [4]
__aeabi_i2d             0x08001981         Code  Gb  S32ToDbl.o [4]
__aeabi_ldiv0           0x08001d19         Code  Gb  I64DivZer.o [5]
__aeabi_memcpy          0x080012bd         Code  Gb  ABImemcpy.o [5]
__aeabi_memcpy4         0x080012dd         Code  Gb  ABImemcpy.o [5]
__aeabi_memcpy8         0x080012dd         Code  Gb  ABImemcpy.o [5]
__aeabi_ui2d            0x08001cf9         Code  Gb  U32ToDbl.o [4]
__aeabi_uldivmod        0x08001365         Code  Gb  I64DivMod.o [5]
__cmain                 0x08003b3d         Code  Gb  cmain.o [5]
__exit                  0x08001e85   0x14  Code  Gb  exit.o [6]
__iar_Fail_s            0x080011e1   0x1c  Code  Gb  xfail_s.o [3]
__iar_Mbcurmax          0x080012b1    0xa  Code  Gb  xmbcurmax.o [3]
__iar_Memchr            0x08001259         Code  Gb  memchr.o [5]
__iar_Strchr            0x080011b1         Code  Gb  strchr.o [5]
__iar_dadd              0x080019b5         Code  Gb  DblSub.o [4]
__iar_data_init3        0x08003ad1   0x28  Code  Gb  data_init.o [5]
__iar_dsub              0x08001d1d         Code  Gb  DblAdd.o [4]
__iar_dsubStart         0x08001d2f         Code  Gb  DblAdd.o [4]
__iar_frexp             0x08001745         Code  Gb  frexp.o [4]
__iar_frexpl            0x08001745         Code  Gb  frexp.o [4]
__iar_globLocale        0x20000100   0x48  Data  Lc  xlocale_c.o [3]
__iar_global_Locale     0x0800113d    0x4  Code  Gb  xlocale_c.o [3]
__iar_init_vfp          0x08003af9         Code  Gb  fpinit_M.o [4]
__iar_ldexp64           0x08001809         Code  Gb  ldexp.o [4]
__iar_packbits_init_single3
                        0x08003a99   0x38  Code  Gb  packbits_init_single.o [5]
__iar_program_start     0x08003b81         Code  Gb  cstartup_M.o [5]
__iar_scalbln64         0x08001809         Code  Gb  ldexp.o [4]
__iar_scalbn64          0x08001809         Code  Gb  ldexp.o [4]
__iar_softfp___iar_frexp64
                        0x08001739         Code  Gb  frexp.o [4]
__iar_softfp_frexp      0x08001739         Code  Gb  frexp.o [4]
__iar_softfp_frexpl     0x08001739         Code  Gb  frexp.o [4]
__iar_systems$$module {Abs}
                        0x00000001         Data  Gb  command line/config [2]
__iar_zero_init3        0x08003a59   0x40  Code  Gb  zero_init3.o [5]
__low_level_init        0x08003b5b    0x4  Code  Gb  low_level_init.o [3]
__vector_table          0x08000000         Data  Gb  startup_stm32f407xx.o [1]
_call_main              0x08003b49         Code  Gb  cmain.o [5]
_exit                   0x08003b65         Code  Gb  cexit.o [5]
_gLocale_mblen          0x0800119d    0x4  Code  Gb  xlocale_c.o [3]
_gLocale_mblenInt       0x08001165   0x34  Code  Gb  xlocale_c.o [3]
_gLocale_wctomb         0x080011a1    0x4  Code  Gb  xlocale_c.o [3]
_gLocale_wctombInt      0x08001199    0x4  Code  Gb  xlocale_c.o [3]
_main                   0x08003b57         Code  Gb  cmain.o [5]
abort                   0x08001d13    0x6  Code  Gb  abort.o [3]
buffer_rx_temp          0x2000005c    0x1  Data  Gb  usart.o [1]
buttonflag1             0x20000384    0x4  Data  Gb  gpio.o [1]
buttonflag12            0x20000398    0x4  Data  Gb  gpio.o [1]
buttonflag2             0x20000388    0x4  Data  Gb  gpio.o [1]
buttonflag3             0x2000038c    0x4  Data  Gb  gpio.o [1]
buttonflag4             0x20000390    0x4  Data  Gb  gpio.o [1]
buttonflag9             0x20000394    0x4  Data  Gb  gpio.o [1]
canList                 0x20000148  0x190  Data  Gb  can.o [1]
can_add_callback        0x080027a1   0x54  Code  Gb  can.o [1]
can_init                0x08002721   0x2a  Code  Gb  can.o [1]
can_send_msg            0x08002773   0x2e  Code  Gb  can.o [1]
canlistnum              0x2000039c    0x4  Data  Lc  can.o [1]
exit                    0x08003b5f    0x4  Code  Gb  exit.o [3]
hcan1                   0x200002d8   0x44  Data  Gb  can.o [1]
huart1                  0x2000001c   0x40  Data  Gb  usart.o [1]
ldexp                   0x08001809         Code  Gb  ldexp.o [4]
ldexpl                  0x08001809         Code  Gb  ldexp.o [4]
localeconv              0x080011a5    0x4  Code  Gb  xlocale_c.o [3]
main                    0x080028e1   0x3c  Code  Gb  main.o [1]
memchr                  0x08001259         Code  Gb  memchr.o [5]
s                       0x20000004   0x18  Data  Gb  usart.o [1]
sFilterConfig           0x2000031c   0x28  Data  Gb  can.o [1]
scalbln                 0x08001809         Code  Gb  ldexp.o [4]
scalblnl                0x08001809         Code  Gb  ldexp.o [4]
scalbn                  0x08001809         Code  Gb  ldexp.o [4]
scalbnl                 0x08001809         Code  Gb  ldexp.o [4]
scale                   0x08000987   0x46  Code  Lc  xprintffull.o [3]
sec_hand                0x200003a4    0x4  Data  Lc  xfail_s.o [3]
strchr                  0x080011b1         Code  Gb  strchr.o [5]
strlen                  0x08001221         Code  Gb  strlen.o [5]
uart_buffer             0x20000060   0x68  Data  Gb  usart.o [1]
uprintf                 0x08002d6d   0x2c  Code  Gb  usart.o [1]
uwTick                  0x200003a0    0x4  Data  Gb  stm32f4xx_hal.o [1]
vsnprintf               0x08003865   0x3c  Code  Gb  vsnprint.o [3]


[1] = C:\Users\wangyunxuan\Desktop\Robocon\program\handle\handle\EWARM\handle\Obj
[2] = command line
[3] = dl7M_tlf.a
[4] = m7M_tls.a
[5] = rt7M_tl.a
[6] = shb_l.a

  15 494 bytes of readonly  code memory
     139 bytes of readonly  data memory
   1 960 bytes of readwrite data memory

Errors: none
Warnings: none
