###############################################################################
#
# IAR ELF Linker V8.22.1.15669/W32 for ARM                31/Dec/2018  10:21:23
# Copyright 2007-2018 IAR Systems AB.
#
#    Output file  =  
#        C:\Users\wangyunxuan\Desktop\Robocon\program\handle\handle\EWARM\handle\Exe\handle.out
#    Map file     =  
#        C:\Users\wangyunxuan\Desktop\Robocon\program\handle\handle\EWARM\handle\List\handle.map
#    Command line =  
#        -f C:\Users\WANGYU~1\AppData\Local\Temp\EW6AAE.tmp
#        (C:\Users\wangyunxuan\Desktop\Robocon\program\handle\handle\EWARM\handle\Obj\adc.o
#        C:\Users\wangyunxuan\Desktop\Robocon\program\handle\handle\EWARM\handle\Obj\can.o
#        C:\Users\wangyunxuan\Desktop\Robocon\program\handle\handle\EWARM\handle\Obj\dma.o
#        C:\Users\wangyunxuan\Desktop\Robocon\program\handle\handle\EWARM\handle\Obj\fsmc.o
#        C:\Users\wangyunxuan\Desktop\Robocon\program\handle\handle\EWARM\handle\Obj\gpio.o
#        C:\Users\wangyunxuan\Desktop\Robocon\program\handle\handle\EWARM\handle\Obj\main.o
#        C:\Users\wangyunxuan\Desktop\Robocon\program\handle\handle\EWARM\handle\Obj\nrf24l01.o
#        C:\Users\wangyunxuan\Desktop\Robocon\program\handle\handle\EWARM\handle\Obj\spi.o
#        C:\Users\wangyunxuan\Desktop\Robocon\program\handle\handle\EWARM\handle\Obj\startup_stm32f407xx.o
#        C:\Users\wangyunxuan\Desktop\Robocon\program\handle\handle\EWARM\handle\Obj\stm32f4xx_hal.o
#        C:\Users\wangyunxuan\Desktop\Robocon\program\handle\handle\EWARM\handle\Obj\stm32f4xx_hal_adc.o
#        C:\Users\wangyunxuan\Desktop\Robocon\program\handle\handle\EWARM\handle\Obj\stm32f4xx_hal_adc_ex.o
#        C:\Users\wangyunxuan\Desktop\Robocon\program\handle\handle\EWARM\handle\Obj\stm32f4xx_hal_can.o
#        C:\Users\wangyunxuan\Desktop\Robocon\program\handle\handle\EWARM\handle\Obj\stm32f4xx_hal_cortex.o
#        C:\Users\wangyunxuan\Desktop\Robocon\program\handle\handle\EWARM\handle\Obj\stm32f4xx_hal_dma.o
#        C:\Users\wangyunxuan\Desktop\Robocon\program\handle\handle\EWARM\handle\Obj\stm32f4xx_hal_dma_ex.o
#        C:\Users\wangyunxuan\Desktop\Robocon\program\handle\handle\EWARM\handle\Obj\stm32f4xx_hal_flash.o
#        C:\Users\wangyunxuan\Desktop\Robocon\program\handle\handle\EWARM\handle\Obj\stm32f4xx_hal_flash_ex.o
#        C:\Users\wangyunxuan\Desktop\Robocon\program\handle\handle\EWARM\handle\Obj\stm32f4xx_hal_flash_ramfunc.o
#        C:\Users\wangyunxuan\Desktop\Robocon\program\handle\handle\EWARM\handle\Obj\stm32f4xx_hal_gpio.o
#        C:\Users\wangyunxuan\Desktop\Robocon\program\handle\handle\EWARM\handle\Obj\stm32f4xx_hal_msp.o
#        C:\Users\wangyunxuan\Desktop\Robocon\program\handle\handle\EWARM\handle\Obj\stm32f4xx_hal_pwr.o
#        C:\Users\wangyunxuan\Desktop\Robocon\program\handle\handle\EWARM\handle\Obj\stm32f4xx_hal_pwr_ex.o
#        C:\Users\wangyunxuan\Desktop\Robocon\program\handle\handle\EWARM\handle\Obj\stm32f4xx_hal_rcc.o
#        C:\Users\wangyunxuan\Desktop\Robocon\program\handle\handle\EWARM\handle\Obj\stm32f4xx_hal_rcc_ex.o
#        C:\Users\wangyunxuan\Desktop\Robocon\program\handle\handle\EWARM\handle\Obj\stm32f4xx_hal_spi.o
#        C:\Users\wangyunxuan\Desktop\Robocon\program\handle\handle\EWARM\handle\Obj\stm32f4xx_hal_sram.o
#        C:\Users\wangyunxuan\Desktop\Robocon\program\handle\handle\EWARM\handle\Obj\stm32f4xx_hal_tim.o
#        C:\Users\wangyunxuan\Desktop\Robocon\program\handle\handle\EWARM\handle\Obj\stm32f4xx_hal_tim_ex.o
#        C:\Users\wangyunxuan\Desktop\Robocon\program\handle\handle\EWARM\handle\Obj\stm32f4xx_hal_uart.o
#        C:\Users\wangyunxuan\Desktop\Robocon\program\handle\handle\EWARM\handle\Obj\stm32f4xx_it.o
#        C:\Users\wangyunxuan\Desktop\Robocon\program\handle\handle\EWARM\handle\Obj\stm32f4xx_ll_fsmc.o
#        C:\Users\wangyunxuan\Desktop\Robocon\program\handle\handle\EWARM\handle\Obj\system_stm32f4xx.o
#        C:\Users\wangyunxuan\Desktop\Robocon\program\handle\handle\EWARM\handle\Obj\usart.o
#        --redirect _Printf=_PrintfFull --redirect _Scanf=_ScanfFull -o
#        C:\Users\wangyunxuan\Desktop\Robocon\program\handle\handle\EWARM\handle\Exe\handle.out
#        --map
#        C:\Users\wangyunxuan\Desktop\Robocon\program\handle\handle\EWARM\handle\List\handle.map
#        --config
#        C:\Users\wangyunxuan\Desktop\Robocon\program\handle\handle\EWARM/stm32f407xx_flash.icf
#        --semihosting --entry __iar_program_start --vfe --text_out locale)
#
###############################################################################

*******************************************************************************
*** RUNTIME MODEL ATTRIBUTES
***

CppFlavor       = *
__SystemLibrary = DLib
__dlib_version  = 6


*******************************************************************************
*** HEAP SELECTION
***

The basic heap was selected because no calls to memory allocation
functions were found in the application outside of system library
functions, and there are calls to deallocation functions in the
application.


*******************************************************************************
*** PLACEMENT SUMMARY
***

"A0":  place at 0x08000000 { ro section .intvec };
"P1":  place in [from 0x08000000 to 0x080fffff] { ro };
define block CSTACK with size = 2K, alignment = 8 { };
define block HEAP with size = 512, alignment = 8 { };
"P2":  place in [from 0x20000000 to 0x2001ffff] {
          rw, block CSTACK, block HEAP };
initialize by copy { rw };

  Section            Kind        Address    Size  Object
  -------            ----        -------    ----  ------
"A0":                                      0x188
  .intvec            ro code  0x08000000   0x188  startup_stm32f407xx.o [1]
                            - 0x08000188   0x188

"P1":                                     0x67f6
  .text              ro code  0x08000188   0xf96  xprintffull.o [3]
  .text              ro code  0x0800111e    0x1e  xencoding_8859_1.o [3]
  .text              ro code  0x0800113c    0x74  xlocale_c.o [3]
  .text              ro code  0x080011b0    0x16  strchr.o [5]
  .text              ro code  0x080011c6    0x1a  xsnprout.o [3]
  .text              ro code  0x080011e0    0x40  xfail_s.o [3]
  .text              ro code  0x08001220    0x36  strlen.o [5]
  .text              ro code  0x08001258    0x58  memchr.o [5]
  .text              ro code  0x080012b0     0xa  xmbcurmax.o [3]
  .text              ro code  0x080012bc    0xa6  ABImemcpy.o [5]
  .text              ro code  0x08001364   0x22e  I64DivMod.o [5]
  .text              ro code  0x08001594   0x1a2  DblMul.o [4]
  .text              ro code  0x08001738    0x70  frexp.o [4]
  .text              ro code  0x080017a8    0x2e  DblCmpLe.o [4]
  .text              ro code  0x080017d8    0x2e  DblCmpGe.o [4]
  .text              ro code  0x08001808   0x13a  ldexp.o [4]
  .text              ro code  0x08001944    0x3a  DblToS32.o [4]
  .text              ro code  0x08001980    0x22  S32ToDbl.o [4]
  .text              ro code  0x080019a4    0xe2  DblSub.o [4]
  .text              ro code  0x08001a88   0x246  DblDiv.o [4]
  .text              ro code  0x08001cd0    0x28  DblToU32.o [4]
  .text              ro code  0x08001cf8    0x1a  U32ToDbl.o [4]
  .text              ro code  0x08001d12     0x6  abort.o [3]
  .text              ro code  0x08001d18     0x2  I64DivZer.o [5]
  .text              ro code  0x08001d1c   0x168  DblAdd.o [4]
  .text              ro code  0x08001e84    0x14  exit.o [6]
  .text              ro code  0x08001e98   0xbc6  stm32f4xx_hal_can.o [1]
  .text              ro code  0x08002a60   0x2b4  can.o [1]
  .text              ro code  0x08002d14     0xc  stm32f4xx_hal.o [1]
  .text              ro code  0x08002d20     0x2  stm32f4xx_hal_can.o [1]
  .text              ro code  0x08002d24   0x2c2  main.o [1]
  .text              ro code  0x08002fe8   0x2ac  stm32f4xx_hal_gpio.o [1]
  .text              ro code  0x08003294   0x188  stm32f4xx_hal_cortex.o [1]
  .text              ro code  0x0800341c    0xdc  usart.o [1]
  .text              ro code  0x080034f8    0x24  ABIassert.o [6]
  .text              ro code  0x0800351c    0x40  stm32f4xx_hal.o [1]
  .text              ro code  0x0800355c   0x398  gpio.o [1]
  .text              ro code  0x080038f4    0x34  dma.o [1]
  .text              ro code  0x08003928   0x18e  adc.o [1]
  .text              ro code  0x08003ab8   0x178  fsmc.o [1]
  .text              ro code  0x08003c30    0xc0  spi.o [1]
  .text              ro code  0x08003cf0   0x6fe  stm32f4xx_hal_adc.o [1]
  .text              ro code  0x080043f0   0x550  nrf24l01.o [1]
  .text              ro code  0x08004940   0x390  stm32f4xx_hal_rcc.o [1]
  .text              ro code  0x08004cd0   0x228  stm32f4xx_hal_rcc.o [1]
  .text              ro code  0x08004ef8   0x4cc  stm32f4xx_hal_uart.o [1]
  .text              ro code  0x080053c4    0x3c  vsnprint.o [3]
  .text              ro code  0x08005400    0x28  stm32f4xx_hal.o [1]
  .text              ro code  0x08005428    0xa0  stm32f4xx_hal_msp.o [1]
  .text              ro code  0x080054c8   0x488  stm32f4xx_hal_dma.o [1]
  .text              ro code  0x08005950    0x5c  stm32f4xx_hal_sram.o [1]
  .text              ro code  0x080059ac   0x6aa  stm32f4xx_hal_spi.o [1]
  .text              ro code  0x08006058     0x2  stm32f4xx_hal_adc_ex.o [1]
  .text              ro code  0x0800605a     0x2  stm32f4xx_hal_adc.o [1]
  .text              ro code  0x0800605c     0x2  stm32f4xx_hal_adc.o [1]
  .text              ro code  0x0800605e     0x2  stm32f4xx_hal_adc.o [1]
  .text              ro code  0x08006060    0xec  stm32f4xx_ll_fsmc.o [1]
  .rodata            const    0x0800614c   0x100  nrf24l01.o [1]
  .rodata            const    0x0800624c   0x100  nrf24l01.o [1]
  .text              ro code  0x0800634c    0xa0  stm32f4xx_it.o [1]
  .text              ro code  0x080063ec    0x10  stm32f4xx_hal.o [1]
  Initializer bytes  const    0x080063fc    0x98  <for P2-1>
  .text              ro code  0x08006494    0x6c  system_stm32f4xx.o [1]
  .rodata            const    0x08006500    0x48  adc.o [1]
  .rodata            const    0x08006548    0x48  can.o [1]
  .rodata            const    0x08006590    0x48  fsmc.o [1]
  .rodata            const    0x080065d8    0x48  main.o [1]
  .rodata            const    0x08006620    0x48  spi.o [1]
  .rodata            const    0x08006668    0x48  usart.o [1]
  .text              ro code  0x080066b0    0x40  zero_init3.o [5]
  .text              ro code  0x080066f0    0x2c  copy_init3.o [5]
  .text              ro code  0x0800671c    0x28  data_init.o [5]
  .text              ro code  0x08006744    0x22  fpinit_M.o [4]
  .iar.init_table    const    0x08006768    0x24  - Linker created -
  .text              ro code  0x0800678c    0x1e  stm32f4xx_hal.o [1]
  .text              ro code  0x080067ac    0x1e  cmain.o [5]
  .text              ro code  0x080067ca     0x4  low_level_init.o [3]
  .text              ro code  0x080067ce     0x4  exit.o [3]
  .text              ro code  0x080067d4     0xa  cexit.o [5]
  .rodata            const    0x080067e0    0x10  can.o [1]
  .rodata            const    0x080067f0    0x10  system_stm32f4xx.o [1]
  .text              ro code  0x08006800    0x10  startup_stm32f407xx.o [1]
  .rodata            const    0x08006810     0xc  main.o [1]
  .rodata            const    0x0800681c     0xc  main.o [1]
  .rodata            const    0x08006828     0xc  nrf24l01.o [1]
  .text              ro code  0x08006834     0xc  cstartup_M.o [5]
  .rodata            const    0x08006840     0x8  can.o [1]
  .rodata            const    0x08006848     0x8  main.o [1]
  .rodata            const    0x08006850     0x8  stm32f4xx_hal_dma.o [1]
  .rodata            const    0x08006858     0x8  system_stm32f4xx.o [1]
  .rodata            const    0x08006860     0x6  xlocale_c.o [3]
  .text              ro code  0x08006866     0x4  startup_stm32f407xx.o [1]
  .text              ro code  0x0800686a     0x4  startup_stm32f407xx.o [1]
  .text              ro code  0x0800686e     0x4  startup_stm32f407xx.o [1]
  .text              ro code  0x08006872     0x4  startup_stm32f407xx.o [1]
  .text              ro code  0x08006876     0x4  startup_stm32f407xx.o [1]
  .text              ro code  0x0800687a     0x4  startup_stm32f407xx.o [1]
  .text              ro code  0x0800687e     0x4  startup_stm32f407xx.o [1]
  .text              ro code  0x08006882     0x4  startup_stm32f407xx.o [1]
  .text              ro code  0x08006886     0x4  startup_stm32f407xx.o [1]
  .text              ro code  0x0800688a     0x4  startup_stm32f407xx.o [1]
  .text              ro code  0x0800688e     0x4  startup_stm32f407xx.o [1]
  .text              ro code  0x08006892     0x4  startup_stm32f407xx.o [1]
  .text              ro code  0x08006896     0x4  startup_stm32f407xx.o [1]
  .text              ro code  0x0800689a     0x4  startup_stm32f407xx.o [1]
  .text              ro code  0x0800689e     0x4  startup_stm32f407xx.o [1]
  .text              ro code  0x080068a2     0x4  startup_stm32f407xx.o [1]
  .text              ro code  0x080068a6     0x4  startup_stm32f407xx.o [1]
  .text              ro code  0x080068aa     0x4  startup_stm32f407xx.o [1]
  .text              ro code  0x080068ae     0x4  startup_stm32f407xx.o [1]
  .text              ro code  0x080068b2     0x4  startup_stm32f407xx.o [1]
  .text              ro code  0x080068b6     0x4  startup_stm32f407xx.o [1]
  .text              ro code  0x080068ba     0x4  startup_stm32f407xx.o [1]
  .text              ro code  0x080068be     0x4  startup_stm32f407xx.o [1]
  .text              ro code  0x080068c2     0x4  startup_stm32f407xx.o [1]
  .text              ro code  0x080068c6     0x4  startup_stm32f407xx.o [1]
  .text              ro code  0x080068ca     0x4  startup_stm32f407xx.o [1]
  .text              ro code  0x080068ce     0x4  startup_stm32f407xx.o [1]
  .text              ro code  0x080068d2     0x4  startup_stm32f407xx.o [1]
  .text              ro code  0x080068d6     0x4  startup_stm32f407xx.o [1]
  .text              ro code  0x080068da     0x4  startup_stm32f407xx.o [1]
  .text              ro code  0x080068de     0x4  startup_stm32f407xx.o [1]
  .text              ro code  0x080068e2     0x4  startup_stm32f407xx.o [1]
  .text              ro code  0x080068e6     0x4  startup_stm32f407xx.o [1]
  .text              ro code  0x080068ea     0x4  startup_stm32f407xx.o [1]
  .text              ro code  0x080068ee     0x4  startup_stm32f407xx.o [1]
  .text              ro code  0x080068f2     0x4  startup_stm32f407xx.o [1]
  .text              ro code  0x080068f6     0x4  startup_stm32f407xx.o [1]
  .text              ro code  0x080068fa     0x4  startup_stm32f407xx.o [1]
  .text              ro code  0x080068fe     0x4  startup_stm32f407xx.o [1]
  .text              ro code  0x08006902     0x4  startup_stm32f407xx.o [1]
  .text              ro code  0x08006906     0x4  startup_stm32f407xx.o [1]
  .text              ro code  0x0800690a     0x4  startup_stm32f407xx.o [1]
  .text              ro code  0x0800690e     0x4  startup_stm32f407xx.o [1]
  .text              ro code  0x08006912     0x4  startup_stm32f407xx.o [1]
  .text              ro code  0x08006916     0x4  startup_stm32f407xx.o [1]
  .text              ro code  0x0800691a     0x4  startup_stm32f407xx.o [1]
  .text              ro code  0x0800691e     0x4  startup_stm32f407xx.o [1]
  .text              ro code  0x08006922     0x4  startup_stm32f407xx.o [1]
  .text              ro code  0x08006926     0x4  startup_stm32f407xx.o [1]
  .text              ro code  0x0800692a     0x4  startup_stm32f407xx.o [1]
  .text              ro code  0x0800692e     0x4  startup_stm32f407xx.o [1]
  .text              ro code  0x08006932     0x4  startup_stm32f407xx.o [1]
  .text              ro code  0x08006936     0x4  startup_stm32f407xx.o [1]
  .text              ro code  0x0800693a     0x4  startup_stm32f407xx.o [1]
  .text              ro code  0x0800693e     0x4  startup_stm32f407xx.o [1]
  .text              ro code  0x08006942     0x4  startup_stm32f407xx.o [1]
  .text              ro code  0x08006946     0x4  startup_stm32f407xx.o [1]
  .text              ro code  0x0800694a     0x4  startup_stm32f407xx.o [1]
  .text              ro code  0x0800694e     0x4  startup_stm32f407xx.o [1]
  .text              ro code  0x08006952     0x4  startup_stm32f407xx.o [1]
  .text              ro code  0x08006956     0x4  startup_stm32f407xx.o [1]
  .text              ro code  0x0800695a     0x4  startup_stm32f407xx.o [1]
  .text              ro code  0x0800695e     0x4  startup_stm32f407xx.o [1]
  .text              ro code  0x08006962     0x4  startup_stm32f407xx.o [1]
  .text              ro code  0x08006966     0x4  startup_stm32f407xx.o [1]
  .text              ro code  0x0800696a     0x4  startup_stm32f407xx.o [1]
  .text              ro code  0x0800696e     0x4  startup_stm32f407xx.o [1]
  .text              ro code  0x08006972     0x4  startup_stm32f407xx.o [1]
  .text              ro code  0x08006976     0x4  startup_stm32f407xx.o [1]
  .text              ro code  0x0800697a     0x4  startup_stm32f407xx.o [1]
  .rodata            const    0x0800697e     0x0  zero_init3.o [5]
  .rodata            const    0x0800697e     0x0  copy_init3.o [5]
                            - 0x0800697e  0x67f6

"P2", part 1 of 3:                          0x98
  P2-1                        0x20000000    0x97  <Init block>
    .data            inited   0x20000000     0x8  nrf24l01.o [1]
    .data            inited   0x20000008     0x8  nrf24l01.o [1]
    .data            inited   0x20000010     0x4  system_stm32f4xx.o [1]
    .data            inited   0x20000014    0x38  xlocale_c.o [3]
    .data            inited   0x2000004c    0x48  xlocale_c.o [3]
    .data            inited   0x20000094     0x1  gpio.o [1]
    .data            inited   0x20000095     0x1  gpio.o [1]
    .data            inited   0x20000096     0x1  gpio.o [1]
                            - 0x20000097    0x97

"P2", part 2 of 3:                         0x730
  .bss               zero     0x20000098   0x258  main.o [1]
  .bss               zero     0x200002f0   0x190  can.o [1]
  .bss               zero     0x20000480    0x68  usart.o [1]
  .bss               zero     0x200004e8    0x60  adc.o [1]
  .bss               zero     0x20000548    0x58  spi.o [1]
  .bss               zero     0x200005a0    0x50  fsmc.o [1]
  .bss               zero     0x200005f0    0x48  adc.o [1]
  .bss               zero     0x20000638    0x44  can.o [1]
  .bss               zero     0x2000067c    0x40  usart.o [1]
  .bss               zero     0x200006bc    0x2c  nrf24l01.o [1]
  .bss               zero     0x200006e8    0x28  can.o [1]
  .bss               zero     0x20000710    0x24  can.o [1]
  .bss               zero     0x20000734    0x20  nrf24l01.o [1]
  .bss               zero     0x20000754    0x20  nrf24l01.o [1]
  .bss               zero     0x20000774    0x1c  can.o [1]
  .bss               zero     0x20000790     0x4  can.o [1]
  .bss               zero     0x20000794     0x4  fsmc.o [1]
  .bss               zero     0x20000798     0x4  gpio.o [1]
  .bss               zero     0x2000079c     0x4  main.o [1]
  .bss               zero     0x200007a0     0x4  main.o [1]
  .bss               zero     0x200007a4     0x4  main.o [1]
  .bss               zero     0x200007a8     0x4  nrf24l01.o [1]
  .bss               zero     0x200007ac     0x4  nrf24l01.o [1]
  .bss               zero     0x200007b0     0x4  nrf24l01.o [1]
  .bss               zero     0x200007b4     0x4  nrf24l01.o [1]
  .bss               zero     0x200007b8     0x4  nrf24l01.o [1]
  .bss               zero     0x200007bc     0x4  nrf24l01.o [1]
  .bss               zero     0x200007c0     0x4  stm32f4xx_hal.o [1]
  .bss               zero     0x200007c4     0x4  xfail_s.o [3]
                            - 0x200007c8   0x730

"P2", part 3 of 3:                         0x800
  CSTACK                      0x200007c8   0x800  <Block>
    CSTACK           uninit   0x200007c8   0x800  <Block tail>
                            - 0x20000fc8   0x800


*******************************************************************************
*** INIT TABLE
***

          Address     Size
          -------     ----
Zero (__iar_zero_init3)
    1 destination range, total size 0x730:
          0x20000098  0x730

Copy (__iar_copy_init3)
    1 source range, total size 0x98 (100% of destination):
          0x080063fc   0x98
    1 destination range, total size 0x97:
          0x20000000   0x97



*******************************************************************************
*** MODULE SUMMARY
***

    Module                  ro code  ro data  rw data
    ------                  -------  -------  -------
C:\Users\wangyunxuan\Desktop\Robocon\program\handle\handle\EWARM\handle\Obj: [1]
    adc.o                       398       72      168
    can.o                       692       96      576
    dma.o                        52
    fsmc.o                      376       72       84
    gpio.o                      920        3        7
    main.o                      706      104      612
    nrf24l01.o                1 360      540      148
    spi.o                       192       72       88
    startup_stm32f407xx.o       688
    stm32f4xx_hal.o             162                 4
    stm32f4xx_hal_adc.o       1 796
    stm32f4xx_hal_adc_ex.o        2
    stm32f4xx_hal_can.o       3 016
    stm32f4xx_hal_cortex.o      392
    stm32f4xx_hal_dma.o       1 160        8
    stm32f4xx_hal_gpio.o        684
    stm32f4xx_hal_msp.o         160
    stm32f4xx_hal_rcc.o       1 464
    stm32f4xx_hal_spi.o       1 706
    stm32f4xx_hal_sram.o         92
    stm32f4xx_hal_uart.o      1 228
    stm32f4xx_it.o              160
    stm32f4xx_ll_fsmc.o         236
    system_stm32f4xx.o          108       28        4
    usart.o                     220       72      168
    -------------------------------------------------
    Total:                   17 970    1 067    1 859

command line: [2]
    -------------------------------------------------
    Total:

dl7M_tlf.a: [3]
    abort.o                       6
    exit.o                        4
    low_level_init.o              4
    vsnprint.o                   60
    xencoding_8859_1.o           30
    xfail_s.o                    64                 4
    xlocale_c.o                 116      134      128
    xmbcurmax.o                  10
    xprintffull.o             3 990
    xsnprout.o                   26
    -------------------------------------------------
    Total:                    4 310      134      132

m7M_tls.a: [4]
    DblAdd.o                    360
    DblCmpGe.o                   46
    DblCmpLe.o                   46
    DblDiv.o                    582
    DblMul.o                    418
    DblSub.o                    226
    DblToS32.o                   58
    DblToU32.o                   40
    S32ToDbl.o                   34
    U32ToDbl.o                   26
    fpinit_M.o                   34
    frexp.o                     112
    ldexp.o                     314
    -------------------------------------------------
    Total:                    2 296

rt7M_tl.a: [5]
    ABImemcpy.o                 166
    I64DivMod.o                 558
    I64DivZer.o                   2
    cexit.o                      10
    cmain.o                      30
    copy_init3.o                 44
    cstartup_M.o                 12
    data_init.o                  40
    memchr.o                     88
    strchr.o                     22
    strlen.o                     54
    zero_init3.o                 64
    -------------------------------------------------
    Total:                    1 090

shb_l.a: [6]
    ABIassert.o                  36
    exit.o                       20
    -------------------------------------------------
    Total:                       56

    Gaps                         42        4
    Linker created                        37    2 048
-----------------------------------------------------
    Grand Total:             25 764    1 242    4 039


*******************************************************************************
*** ENTRY LIST
***

Entry                      Address   Size  Type      Object
-----                      -------   ----  ----      ------
.iar.init_table$$Base   0x08006768          --   Gb  - Linker created -
.iar.init_table$$Limit  0x0800678c          --   Gb  - Linker created -
?main                   0x080067ad         Code  Gb  cmain.o [5]
ADC_DMAConvCplt         0x08004359   0x6c  Code  Lc  stm32f4xx_hal_adc.o [1]
ADC_DMAError            0x080043d5   0x1a  Code  Lc  stm32f4xx_hal_adc.o [1]
ADC_DMAHalfConvCplt     0x080043c5    0xe  Code  Lc  stm32f4xx_hal_adc.o [1]
ADC_IRQHandler          0x08006391    0xa  Code  Gb  stm32f4xx_it.o [1]
ADC_Init                0x080041e9  0x156  Code  Lc  stm32f4xx_hal_adc.o [1]
ADC_Value               0x20000098  0x258  Data  Gb  main.o [1]
AHBPrescTable           0x080067f0   0x10  Data  Gb  system_stm32f4xx.o [1]
APBPrescTable           0x08006858    0x8  Data  Gb  system_stm32f4xx.o [1]
BusFault_Handler        0x08006353    0x2  Code  Gb  stm32f4xx_it.o [1]
CAN1_RX0_IRQHandler     0x0800639b    0xa  Code  Gb  stm32f4xx_it.o [1]
CAN1_RX1_IRQHandler     0x080063a5    0xa  Code  Gb  stm32f4xx_it.o [1]
CAN1_SCE_IRQHandler     0x080063af    0xa  Code  Gb  stm32f4xx_it.o [1]
CAN_LIST_MATCH          0x08002c61   0x32  Code  Gb  can.o [1]
CAN_Receive_IT          0x0800287f  0x1e0  Code  Lc  stm32f4xx_hal_can.o [1]
CAN_Transmit_IT         0x08002821   0x5e  Code  Lc  stm32f4xx_hal_can.o [1]
CSTACK$$Base            0x200007c8          --   Gb  - Linker created -
CSTACK$$Limit           0x20000fc8          --   Gb  - Linker created -
CacheMore               0x08001141   0x24  Code  Lc  xlocale_c.o [3]
Configure_Filter        0x08002b77   0x48  Code  Gb  can.o [1]
DMA2_Stream0_IRQHandler
                        0x080063d7    0xa  Code  Gb  stm32f4xx_it.o [1]
DMA_CalcBaseAndBitshift
                        0x08005879   0x30  Code  Lc  stm32f4xx_hal_dma.o [1]
DMA_CalcBaseAndBitshift::flagBitshiftOffset
                        0x08006850    0x8  Data  Lc  stm32f4xx_hal_dma.o [1]
DMA_CheckFifoParam      0x080058b5   0x9c  Code  Lc  stm32f4xx_hal_dma.o [1]
DMA_SetConfig           0x0800584b   0x2e  Code  Lc  stm32f4xx_hal_dma.o [1]
DebugMon_Handler        0x08006359    0x2  Code  Gb  stm32f4xx_it.o [1]
Delay_Us                0x080043f1   0x3e  Code  Gb  nrf24l01.o [1]
EXTI15_10_IRQHandler    0x080063cb    0xc  Code  Gb  stm32f4xx_it.o [1]
EXTI1_IRQHandler        0x08006369    0xa  Code  Gb  stm32f4xx_it.o [1]
EXTI2_IRQHandler        0x08006373    0xa  Code  Gb  stm32f4xx_it.o [1]
EXTI3_IRQHandler        0x0800637d    0xa  Code  Gb  stm32f4xx_it.o [1]
EXTI4_IRQHandler        0x08006387    0xa  Code  Gb  stm32f4xx_it.o [1]
EXTI9_5_IRQHandler      0x080063b9   0x12  Code  Gb  stm32f4xx_it.o [1]
FSMC_Initialized        0x20000794    0x4  Data  Lc  fsmc.o [1]
FSMC_NORSRAM_Extended_Timing_Init
                        0x08006101   0x44  Code  Gb  stm32f4xx_ll_fsmc.o [1]
FSMC_NORSRAM_Init       0x08006061   0x5a  Code  Gb  stm32f4xx_ll_fsmc.o [1]
FSMC_NORSRAM_Timing_Init
                        0x080060bb   0x46  Code  Gb  stm32f4xx_ll_fsmc.o [1]
HAL_ADCEx_InjectedConvCpltCallback
                        0x08006059    0x2  Code  Wk  stm32f4xx_hal_adc_ex.o [1]
HAL_ADC_ConfigChannel   0x0800406b  0x17e  Code  Gb  stm32f4xx_hal_adc.o [1]
HAL_ADC_ConvCpltCallback
                        0x08003ab5    0x2  Code  Gb  adc.o [1]
HAL_ADC_IRQHandler      0x08003d57  0x1ea  Code  Gb  stm32f4xx_hal_adc.o [1]
HAL_ADC_Init            0x08003cf1   0x66  Code  Gb  stm32f4xx_hal_adc.o [1]
HAL_ADC_MspInit         0x080039e3   0xb2  Code  Gb  adc.o [1]
HAL_ADC_Start_DMA       0x08003f41  0x12a  Code  Gb  stm32f4xx_hal_adc.o [1]
HAL_CAN_ConfigFilter    0x08002041  0x108  Code  Gb  stm32f4xx_hal_can.o [1]
HAL_CAN_ErrorCallback   0x08002cbb   0x26  Code  Gb  can.o [1]
HAL_CAN_IRQHandler      0x080024df  0x32c  Code  Gb  stm32f4xx_hal_can.o [1]
HAL_CAN_Init            0x08001e99  0x1a8  Code  Gb  stm32f4xx_hal_can.o [1]
HAL_CAN_MspInit         0x08002ac5   0x7c  Code  Gb  can.o [1]
HAL_CAN_Receive_IT      0x080023c9  0x116  Code  Gb  stm32f4xx_hal_can.o [1]
HAL_CAN_RxCpltCallback  0x08002c93   0x28  Code  Gb  can.o [1]
HAL_CAN_Transmit        0x08002149  0x27c  Code  Gb  stm32f4xx_hal_can.o [1]
HAL_DMA_IRQHandler      0x08005643  0x208  Code  Gb  stm32f4xx_hal_dma.o [1]
HAL_DMA_Init            0x080054c9   0xe2  Code  Gb  stm32f4xx_hal_dma.o [1]
HAL_DMA_Start_IT        0x080055ab   0x98  Code  Gb  stm32f4xx_hal_dma.o [1]
HAL_Delay               0x0800678d   0x1e  Code  Wk  stm32f4xx_hal.o [1]
HAL_FSMC_MspInit        0x08003b57   0xaa  Code  Lc  fsmc.o [1]
HAL_GPIO_EXTI_Callback  0x0800385b   0x40  Code  Gb  gpio.o [1]
HAL_GPIO_EXTI_IRQHandler
                        0x08003235   0x22  Code  Gb  stm32f4xx_hal_gpio.o [1]
HAL_GPIO_Init           0x08002fe9  0x21c  Code  Gb  stm32f4xx_hal_gpio.o [1]
HAL_GPIO_ReadPin        0x08003205   0x16  Code  Gb  stm32f4xx_hal_gpio.o [1]
HAL_GPIO_WritePin       0x0800321b   0x1a  Code  Gb  stm32f4xx_hal_gpio.o [1]
HAL_GetTick             0x08002d15    0xc  Code  Wk  stm32f4xx_hal.o [1]
HAL_IncTick             0x080063ed   0x10  Code  Wk  stm32f4xx_hal.o [1]
HAL_Init                0x0800351d   0x3a  Code  Gb  stm32f4xx_hal.o [1]
HAL_InitTick            0x08005401   0x28  Code  Wk  stm32f4xx_hal.o [1]
HAL_MspInit             0x08005429   0xa0  Code  Gb  stm32f4xx_hal_msp.o [1]
HAL_NVIC_EnableIRQ      0x080033b7    0xe  Code  Gb  stm32f4xx_hal_cortex.o [1]
HAL_NVIC_SetPriority    0x0800338d   0x2a  Code  Gb  stm32f4xx_hal_cortex.o [1]
HAL_NVIC_SetPriorityGrouping
                        0x08003381    0xc  Code  Gb  stm32f4xx_hal_cortex.o [1]
HAL_RCC_ClockConfig     0x08004cd1  0x14a  Code  Gb  stm32f4xx_hal_rcc.o [1]
HAL_RCC_GetHCLKFreq     0x08004e1b    0x6  Code  Gb  stm32f4xx_hal_rcc.o [1]
HAL_RCC_GetPCLK1Freq    0x08004e21   0x16  Code  Gb  stm32f4xx_hal_rcc.o [1]
HAL_RCC_GetPCLK2Freq    0x08004e37   0x16  Code  Gb  stm32f4xx_hal_rcc.o [1]
HAL_RCC_OscConfig       0x08004941  0x390  Code  Wk  stm32f4xx_hal_rcc.o [1]
HAL_SPI_Init            0x080059ad   0x8e  Code  Gb  stm32f4xx_hal_spi.o [1]
HAL_SPI_MspInit         0x08003c93   0x4a  Code  Gb  spi.o [1]
HAL_SPI_Receive         0x08005beb  0x17a  Code  Gb  stm32f4xx_hal_spi.o [1]
HAL_SPI_Transmit        0x08005a3b  0x1b0  Code  Gb  stm32f4xx_hal_spi.o [1]
HAL_SPI_TransmitReceive
                        0x08005d65  0x226  Code  Gb  stm32f4xx_hal_spi.o [1]
HAL_SRAM_Init           0x08005951   0x5c  Code  Gb  stm32f4xx_hal_sram.o [1]
HAL_SRAM_MspInit        0x08003c01    0xa  Code  Gb  fsmc.o [1]
HAL_SYSTICK_CLKSourceConfig
                        0x080033d1   0x20  Code  Gb  stm32f4xx_hal_cortex.o [1]
HAL_SYSTICK_Callback    0x08002f71   0x42  Code  Gb  main.o [1]
HAL_SYSTICK_Callback::time_1ms_cnt
                        0x200007a4    0x4  Data  Lc  main.o [1]
HAL_SYSTICK_Config      0x080033c5    0xc  Code  Gb  stm32f4xx_hal_cortex.o [1]
HAL_SYSTICK_IRQHandler  0x08003415    0x8  Code  Gb  stm32f4xx_hal_cortex.o [1]
HAL_UART_Init           0x08004ef9   0x76  Code  Gb  stm32f4xx_hal_uart.o [1]
HAL_UART_MspInit        0x08003465   0x4c  Code  Gb  usart.o [1]
HAL_UART_Transmit       0x08004f6f   0xe0  Code  Gb  stm32f4xx_hal_uart.o [1]
HardFault_Handler       0x0800634f    0x2  Code  Gb  stm32f4xx_it.o [1]
LoadInt                 0x08000377   0x7a  Code  Lc  xprintffull.o [3]
MX_ADC1_Init            0x08003929   0xba  Code  Gb  adc.o [1]
MX_CAN1_Init            0x08002a61   0x64  Code  Gb  can.o [1]
MX_DMA_Init             0x080038f5   0x34  Code  Gb  dma.o [1]
MX_FSMC_Init            0x08003ab9   0x9e  Code  Gb  fsmc.o [1]
MX_GPIO_Init            0x0800355d  0x1f2  Code  Gb  gpio.o [1]
MX_SPI3_Init            0x08003c31   0x62  Code  Gb  spi.o [1]
MX_USART1_UART_Init     0x0800341d   0x48  Code  Gb  usart.o [1]
MemManage_Handler       0x08006351    0x2  Code  Gb  stm32f4xx_it.o [1]
NMI_Handler             0x0800634d    0x2  Code  Gb  stm32f4xx_it.o [1]
NRF24l01                0x200006bc   0x2c  Data  Gb  nrf24l01.o [1]
NRF_Analize_Message     0x08004591   0x7e  Code  Lc  nrf24l01.o [1]
NRF_Init                0x0800442f   0xba  Code  Gb  nrf24l01.o [1]
NRF_RX_Data             0x20000754   0x20  Data  Gb  nrf24l01.o [1]
NRF_Read                0x0800453d   0x18  Code  Lc  nrf24l01.o [1]
NRF_Read_Write          0x08004555   0x1e  Code  Lc  nrf24l01.o [1]
NRF_Set_GPIO            0x080044e9   0x3a  Code  Lc  nrf24l01.o [1]
NRF_TX_Data             0x20000734   0x20  Data  Gb  nrf24l01.o [1]
NRF_Write               0x08004525   0x18  Code  Lc  nrf24l01.o [1]
NVIC_EncodePriority     0x0800330f   0x42  Code  Lc  stm32f4xx_hal_cortex.o [1]
PendSV_Handler          0x0800635b    0x2  Code  Gb  stm32f4xx_it.o [1]
RX_ADDRESS              0x20000000    0x8  Data  Gb  nrf24l01.o [1]
Region$$Table$$Base     0x08006768          --   Gb  - Linker created -
Region$$Table$$Limit    0x0800678c          --   Gb  - Linker created -
RxMessage               0x20000710   0x24  Data  Lc  can.o [1]
SPI_CheckFlag_BSY       0x0800602d   0x2a  Code  Lc  stm32f4xx_hal_spi.o [1]
SPI_WaitFlagStateUntilTimeout
                        0x08005f8b   0xa2  Code  Lc  stm32f4xx_hal_spi.o [1]
SVC_Handler             0x08006357    0x2  Code  Gb  stm32f4xx_it.o [1]
SysTick_Config          0x08003351   0x30  Code  Lc  stm32f4xx_hal_cortex.o [1]
SysTick_Handler         0x0800635d    0xc  Code  Gb  stm32f4xx_it.o [1]
SystemClock_Config      0x08002d91   0xc4  Code  Gb  main.o [1]
SystemCoreClock         0x20000010    0x4  Data  Gb  system_stm32f4xx.o [1]
SystemInit              0x08006495   0x4c  Code  Gb  system_stm32f4xx.o [1]
TEST_FUNC               0x08002e55   0x22  Code  Gb  main.o [1]
TEST_FUNC2              0x08002e79   0x4a  Code  Gb  main.o [1]
TO_PERCENT              0x08004575   0x1c  Code  Gb  nrf24l01.o [1]
TX_ADDRESS              0x20000008    0x8  Data  Gb  nrf24l01.o [1]
TxMessage               0x20000774   0x1c  Data  Lc  can.o [1]
UART_SetConfig          0x080050bd  0x2fc  Code  Lc  stm32f4xx_hal_uart.o [1]
UART_WaitOnFlagUntilTimeout
                        0x0800504f   0x6e  Code  Lc  stm32f4xx_hal_uart.o [1]
UsageFault_Handler      0x08006355    0x2  Code  Gb  stm32f4xx_it.o [1]
_Encoding_8859_1_Mbrlen
                        0x08001131    0x2  Code  Gb  xencoding_8859_1.o [3]
_Encoding_8859_1_Wctomb
                        0x0800111f   0x12  Code  Gb  xencoding_8859_1.o [3]
_Error_Handler          0x08002fe5    0x2  Code  Gb  main.o [1]
_GenldFull              0x08000df9  0x274  Code  Lc  xprintffull.o [3]
_LdtobFull              0x080009cd  0x3fe  Code  Lc  xprintffull.o [3]
_LitobFull              0x08000875  0x112  Code  Lc  xprintffull.o [3]
_Locale_lconv           0x20000014   0x38  Data  Lc  xlocale_c.o [3]
_PrintfFull             0x08000189  0x1d6  Code  Gb  xprintffull.o [3]
_PutcharsFull           0x0800106d   0x2e  Code  Lc  xprintffull.o [3]
_PutfldFull             0x080003f1  0x2d0  Code  Lc  xprintffull.o [3]
_PutstrFull             0x080007b7   0xbe  Code  Lc  xprintffull.o [3]
_PuttxtFull             0x080006c1   0xf6  Code  Lc  xprintffull.o [3]
_SNProut                0x080011c7   0x1a  Code  Gb  xsnprout.o [3]
__NVIC_EnableIRQ        0x080032c3   0x20  Code  Lc  stm32f4xx_hal_cortex.o [1]
__NVIC_GetPriorityGrouping
                        0x080032b7    0xc  Code  Lc  stm32f4xx_hal_cortex.o [1]
__NVIC_SetPriority      0x080032e3   0x2c  Code  Lc  stm32f4xx_hal_cortex.o [1]
__NVIC_SetPriorityGrouping
                        0x08003295   0x22  Code  Lc  stm32f4xx_hal_cortex.o [1]
__aeabi_assert          0x080034f9   0x24  Code  Gb  ABIassert.o [6]
__aeabi_cdcmple         0x080017a9         Code  Gb  DblCmpLe.o [4]
__aeabi_cdrcmple        0x080017d9         Code  Gb  DblCmpGe.o [4]
__aeabi_d2iz            0x08001945         Code  Gb  DblToS32.o [4]
__aeabi_d2uiz           0x08001cd1         Code  Gb  DblToU32.o [4]
__aeabi_ddiv            0x08001a89         Code  Gb  DblDiv.o [4]
__aeabi_dmul            0x08001595         Code  Gb  DblMul.o [4]
__aeabi_dsub            0x080019a5         Code  Gb  DblSub.o [4]
__aeabi_i2d             0x08001981         Code  Gb  S32ToDbl.o [4]
__aeabi_ldiv0           0x08001d19         Code  Gb  I64DivZer.o [5]
__aeabi_memcpy          0x080012bd         Code  Gb  ABImemcpy.o [5]
__aeabi_memcpy4         0x080012dd         Code  Gb  ABImemcpy.o [5]
__aeabi_memcpy8         0x080012dd         Code  Gb  ABImemcpy.o [5]
__aeabi_ui2d            0x08001cf9         Code  Gb  U32ToDbl.o [4]
__aeabi_uldivmod        0x08001365         Code  Gb  I64DivMod.o [5]
__cmain                 0x080067ad         Code  Gb  cmain.o [5]
__exit                  0x08001e85   0x14  Code  Gb  exit.o [6]
__iar_Fail_s            0x080011e1   0x1c  Code  Gb  xfail_s.o [3]
__iar_Mbcurmax          0x080012b1    0xa  Code  Gb  xmbcurmax.o [3]
__iar_Memchr            0x08001259         Code  Gb  memchr.o [5]
__iar_Strchr            0x080011b1         Code  Gb  strchr.o [5]
__iar_copy_init3        0x080066f1   0x2c  Code  Gb  copy_init3.o [5]
__iar_dadd              0x080019b5         Code  Gb  DblSub.o [4]
__iar_data_init3        0x0800671d   0x28  Code  Gb  data_init.o [5]
__iar_dsub              0x08001d1d         Code  Gb  DblAdd.o [4]
__iar_dsubStart         0x08001d2f         Code  Gb  DblAdd.o [4]
__iar_frexp             0x08001745         Code  Gb  frexp.o [4]
__iar_frexpl            0x08001745         Code  Gb  frexp.o [4]
__iar_globLocale        0x2000004c   0x48  Data  Lc  xlocale_c.o [3]
__iar_global_Locale     0x0800113d    0x4  Code  Gb  xlocale_c.o [3]
__iar_init_vfp          0x08006745         Code  Gb  fpinit_M.o [4]
__iar_ldexp64           0x08001809         Code  Gb  ldexp.o [4]
__iar_program_start     0x08006835         Code  Gb  cstartup_M.o [5]
__iar_scalbln64         0x08001809         Code  Gb  ldexp.o [4]
__iar_scalbn64          0x08001809         Code  Gb  ldexp.o [4]
__iar_softfp___iar_frexp64
                        0x08001739         Code  Gb  frexp.o [4]
__iar_softfp_frexp      0x08001739         Code  Gb  frexp.o [4]
__iar_softfp_frexpl     0x08001739         Code  Gb  frexp.o [4]
__iar_systems$$module {Abs}
                        0x00000001         Data  Gb  command line/config [2]
__iar_zero_init3        0x080066b1   0x40  Code  Gb  zero_init3.o [5]
__low_level_init        0x080067cb    0x4  Code  Gb  low_level_init.o [3]
__vector_table          0x08000000         Data  Gb  startup_stm32f407xx.o [1]
_call_main              0x080067b9         Code  Gb  cmain.o [5]
_exit                   0x080067d5         Code  Gb  cexit.o [5]
_gLocale_mblen          0x0800119d    0x4  Code  Gb  xlocale_c.o [3]
_gLocale_mblenInt       0x08001165   0x34  Code  Gb  xlocale_c.o [3]
_gLocale_wctomb         0x080011a1    0x4  Code  Gb  xlocale_c.o [3]
_gLocale_wctombInt      0x08001199    0x4  Code  Gb  xlocale_c.o [3]
_main                   0x080067c7         Code  Gb  cmain.o [5]
abort                   0x08001d13    0x6  Code  Gb  abort.o [3]
adc_exe                 0x08002ec3   0xae  Code  Gb  main.o [1]
adc_flag                0x200007a0    0x4  Data  Gb  main.o [1]
aucCRCHi                0x0800614c  0x100  Data  Lc  nrf24l01.o [1]
aucCRCLo                0x0800624c  0x100  Data  Lc  nrf24l01.o [1]
canList                 0x200002f0  0x190  Data  Gb  can.o [1]
can_add_callback        0x08002c0b   0x56  Code  Gb  can.o [1]
can_init                0x08002b41   0x36  Code  Gb  can.o [1]
can_send_msg            0x08002bbf   0x4c  Code  Gb  can.o [1]
canlistnum              0x20000790    0x4  Data  Lc  can.o [1]
exit                    0x080067cf    0x4  Code  Gb  exit.o [3]
exit_button             0x080037f1   0x6a  Code  Gb  gpio.o [1]
exit_state              0x20000798    0x4  Data  Gb  gpio.o [1]
gpio_delayed_button     0x080037bd   0x34  Code  Gb  gpio.o [1]
gpio_delayed_button_ctrl
                        0x0800374f   0x6e  Code  Gb  gpio.o [1]
hadc1                   0x200005f0   0x48  Data  Gb  adc.o [1]
hcan1                   0x20000638   0x44  Data  Gb  can.o [1]
hdma_adc1               0x200004e8   0x60  Data  Gb  adc.o [1]
hspi3                   0x20000548   0x58  Data  Gb  spi.o [1]
hsram1                  0x200005a0   0x50  Data  Gb  fsmc.o [1]
huart1                  0x2000067c   0x40  Data  Gb  usart.o [1]
lastbutton_12           0x20000096    0x1  Data  Gb  gpio.o [1]
lastbutton_2            0x20000094    0x1  Data  Gb  gpio.o [1]
lastbutton_3            0x20000095    0x1  Data  Gb  gpio.o [1]
ldexp                   0x08001809         Code  Gb  ldexp.o [4]
ldexpl                  0x08001809         Code  Gb  ldexp.o [4]
localeconv              0x080011a5    0x4  Code  Gb  xlocale_c.o [3]
main                    0x08002d25   0x6c  Code  Gb  main.o [1]
main_flag               0x2000079c    0x4  Data  Gb  main.o [1]
memchr                  0x08001259         Code  Gb  memchr.o [5]
nrf_aile                0x200007b8    0x4  Data  Gb  nrf24l01.o [1]
nrf_command             0x200007a8    0x4  Data  Gb  nrf24l01.o [1]
nrf_direction           0x200007b0    0x4  Data  Gb  nrf24l01.o [1]
nrf_ele                 0x200007b4    0x4  Data  Gb  nrf24l01.o [1]
nrf_read_bytes          0x08004783   0x56  Code  Lc  nrf24l01.o [1]
nrf_read_reg            0x080047d9   0x38  Code  Lc  nrf24l01.o [1]
nrf_send                0x0800484d   0x94  Code  Gb  nrf24l01.o [1]
nrf_send_message        0x08004619   0x96  Code  Gb  nrf24l01.o [1]
nrf_thrust              0x200007ac    0x4  Data  Gb  nrf24l01.o [1]
nrf_watch_dog           0x200007bc    0x4  Data  Gb  nrf24l01.o [1]
nrf_write_bytes         0x08004709   0x7a  Code  Lc  nrf24l01.o [1]
nrf_write_reg           0x080046af   0x5a  Code  Lc  nrf24l01.o [1]
sFilterConfig           0x200006e8   0x28  Data  Gb  can.o [1]
scalbln                 0x08001809         Code  Gb  ldexp.o [4]
scalblnl                0x08001809         Code  Gb  ldexp.o [4]
scalbn                  0x08001809         Code  Gb  ldexp.o [4]
scalbnl                 0x08001809         Code  Gb  ldexp.o [4]
scale                   0x08000987   0x46  Code  Lc  xprintffull.o [3]
sec_hand                0x200007c4    0x4  Data  Lc  xfail_s.o [3]
strchr                  0x080011b1         Code  Gb  strchr.o [5]
strlen                  0x08001221         Code  Gb  strlen.o [5]
uart_buffer             0x20000480   0x68  Data  Gb  usart.o [1]
uprintf                 0x080034b1   0x2e  Code  Gb  usart.o [1]
usMBCRC16               0x08004811   0x3c  Code  Gb  nrf24l01.o [1]
uwTick                  0x200007c0    0x4  Data  Gb  stm32f4xx_hal.o [1]
vsnprintf               0x080053c5   0x3c  Code  Gb  vsnprint.o [3]


[1] = C:\Users\wangyunxuan\Desktop\Robocon\program\handle\handle\EWARM\handle\Obj
[2] = command line
[3] = dl7M_tlf.a
[4] = m7M_tls.a
[5] = rt7M_tl.a
[6] = shb_l.a

  25 764 bytes of readonly  code memory
   1 242 bytes of readonly  data memory
   4 039 bytes of readwrite data memory

Errors: none
Warnings: none
